<?xml version="1.0" encoding="UTF-8"?>
<testsuites name="jest tests" tests="8" failures="0" time="4.895">
  <testsuite name="tests\app.test.js" errors="0" failures="0" skipped="0" timestamp="2019-10-26T23:05:58" time="1.423" tests="1">
    <testcase classname="Express app" name="should respond to a get" time="0.026">
    </testcase>
  </testsuite>
  <testsuite name="tests\routes\shipments.test.js" errors="0" failures="0" skipped="0" timestamp="2019-10-26T23:05:58" time="1.482" tests="7">
    <testcase classname="Valid shipment requests" name="Scenario: valid_shipment_request_free_same_state" time="0.038">
    </testcase>
    <testcase classname="Valid shipment requests" name="Scenario: valid_shipment_request_free_different_state" time="0.008">
    </testcase>
    <testcase classname="Valid shipment requests" name="Scenario: valid_shipment_request_cheap_same_state" time="0.005">
    </testcase>
    <testcase classname="Valid shipment requests" name="Scenario: valid_shipment_request_cheap_different_state" time="0.004">
    </testcase>
    <testcase classname="Valid shipment requests" name="Scenario: valid_shipment_request_expensive_same_state" time="0.003">
    </testcase>
    <testcase classname="Valid shipment requests" name="Scenario: valid_shipment_request_expensive_different_state" time="0.007">
    </testcase>
    <testcase classname="Valid shipment requests" name="Scenario: valid_shipment_request_mixed_weight_units" time="0.006">
    </testcase>
  </testsuite>
</testsuites>